// Vitest Snapshot v1, https://vitest.dev/guide/snapshot.html

exports[`print layout snapshots > single worksheet page renders consistently 1`] = `
<section
  class="worksheet-paper rounded-xl border border-slate-300 bg-white p-10 shadow-sm print:rounded-none print:border-none print:p-10 print:shadow-none"
  data-page="worksheet"
>
  <header
    class="mb-8 border-b border-slate-300 pb-4"
  >
    <p
      class="text-sm uppercase tracking-widest text-slate-500"
    >
      Printable Kindergarten Worksheet
    </p>
    <h2
      class="text-4xl font-black"
    >
      Number Tracing (1-20)
    </h2>
    <div
      class="mt-2 inline-flex items-center gap-2 rounded-full border border-black px-3 py-1 text-sm"
    >
      <svg
        aria-hidden="true"
        class="h-5 w-5"
        viewBox="0 0 40 40"
      >
        <circle
          cx="10"
          cy="10"
          fill="none"
          r="4"
          stroke="black"
          stroke-width="2"
        />
        <circle
          cx="30"
          cy="10"
          fill="none"
          r="4"
          stroke="black"
          stroke-width="2"
        />
        <circle
          cx="20"
          cy="17"
          fill="none"
          r="5"
          stroke="black"
          stroke-width="2"
        />
        <ellipse
          cx="13"
          cy="28"
          fill="none"
          rx="5"
          ry="6"
          stroke="black"
          stroke-width="2"
        />
        <ellipse
          cx="27"
          cy="28"
          fill="none"
          rx="5"
          ry="6"
          stroke="black"
          stroke-width="2"
        />
      </svg>
      <span
        class="capitalize"
      >
        animals
         theme
      </span>
    </div>
    <p
      class="mt-2 text-base"
    >
      Trace each number with your pencil. Say each number aloud as you write.
    </p>
    <p
      class="mt-2 text-xl"
    >
      Name:
       
      <span
        class="inline-block min-w-64 border-b-2 border-dotted border-black"
      >
        ________________
      </span>
    </p>
  </header>
  <div
    class="mb-4 flex items-center gap-2 print:hidden"
  >
    <button
      class="action-btn-secondary"
      type="button"
    >
      Reshuffle Problems
    </button>
    <span
      class="text-xs text-slate-500"
    >
      Keeps settings, refreshes worksheet content only.
    </span>
  </div>
  <div
    class="space-y-3"
  >
    <div
      class="trace-row"
    >
      <span
        class="text-3xl font-bold"
      >
        6
      </span>
      <span
        class="handwriting-guide"
      >
        <span
          class="trace-text trace-dots"
        >
          6 6 6 6 6
        </span>
      </span>
    </div>
    <div
      class="trace-row"
    >
      <span
        class="text-3xl font-bold"
      >
        4
      </span>
      <span
        class="handwriting-guide"
      >
        <span
          class="trace-text trace-dots"
        >
          4 4 4 4 4
        </span>
      </span>
    </div>
    <div
      class="trace-row"
    >
      <span
        class="text-3xl font-bold"
      >
        10
      </span>
      <span
        class="handwriting-guide"
      >
        <span
          class="trace-text trace-dots"
        >
          10 10 10 10 10
        </span>
      </span>
    </div>
    <div
      class="trace-row"
    >
      <span
        class="text-3xl font-bold"
      >
        9
      </span>
      <span
        class="handwriting-guide"
      >
        <span
          class="trace-text trace-dots"
        >
          9 9 9 9 9
        </span>
      </span>
    </div>
    <div
      class="trace-row"
    >
      <span
        class="text-3xl font-bold"
      >
        3
      </span>
      <span
        class="handwriting-guide"
      >
        <span
          class="trace-text trace-dots"
        >
          3 3 3 3 3
        </span>
      </span>
    </div>
    <div
      class="trace-row"
    >
      <span
        class="text-3xl font-bold"
      >
        7
      </span>
      <span
        class="handwriting-guide"
      >
        <span
          class="trace-text trace-dots"
        >
          7 7 7 7 7
        </span>
      </span>
    </div>
    <div
      class="trace-row"
    >
      <span
        class="text-3xl font-bold"
      >
        8
      </span>
      <span
        class="handwriting-guide"
      >
        <span
          class="trace-text trace-dots"
        >
          8 8 8 8 8
        </span>
      </span>
    </div>
    <div
      class="trace-row"
    >
      <span
        class="text-3xl font-bold"
      >
        11
      </span>
      <span
        class="handwriting-guide"
      >
        <span
          class="trace-text trace-dots"
        >
          11 11 11 11 11
        </span>
      </span>
    </div>
  </div>
</section>
`;
